// Jest Snapshot v1, https://goo.gl/fbAQLP

exports[`Test Founders snapshot 1`] = `
<div
  className="founders-container"
>
  <div
    className="founder"
  >
    Jessica
     : 
    CEO
  </div>
  <div
    className="f-button"
  >
    Add Founder
  </div>
</div>
`;
